Creating cluster "k8s-pack-live" ...
 • Ensuring node image (kindest/node:v1.34.0) 🖼  ...
 ✓ Ensuring node image (kindest/node:v1.34.0) 🖼
 • Preparing nodes 📦   ...
 ✓ Preparing nodes 📦 
 • Writing configuration 📜  ...
 ✓ Writing configuration 📜
 • Starting control-plane 🕹️  ...
 ✓ Starting control-plane 🕹️
 • Installing CNI 🔌  ...
 ✓ Installing CNI 🔌
 • Installing StorageClass 💾  ...
 ✓ Installing StorageClass 💾
 • Waiting ≤ 2m0s for control-plane = Ready ⏳  ...
 ✓ Waiting ≤ 2m0s for control-plane = Ready ⏳
 • Ready after 17s 💚
Set kubectl context to "kind-k8s-pack-live"
You can now use your cluster with:

kubectl cluster-info --context kind-k8s-pack-live

Thanks for using kind! 😊
kind create cluster --name k8s-pack-live --wait 120s  3.67s user 2.59s system 20% cpu 30.465 total
