exit=2 clean badutf8.json 
exit=2 clean badutf8.json durable
exit=1 clean commands_dicts_bad.json 
exit=1 clean commands_dicts_bad.json durable
exit=1 clean deep.json 
exit=1 clean deep.json durable
exit=1 clean identity_int.json 
exit=1 clean identity_int.json durable
exit=0 clean loc_nul_path.json 
exit=1 clean loc_nul_path.json durable
exit=0 clean loc_option_path.json 
exit=1 clean loc_option_path.json durable
exit=2 clean notjson.json 
exit=2 clean notjson.json durable
exit=1 clean replay_str.json 
exit=1 clean replay_str.json durable
exit=0 clean repo_dash.json 
exit=1 clean repo_dash.json durable
exit=1 clean repo_list.json 
exit=1 clean repo_list.json durable
exit=0 clean repo_nul.json 
exit=1 clean repo_nul.json durable
exit=1 clean root_null.json 
exit=1 clean root_null.json durable
exit=1 clean root_str.json 
exit=1 clean root_str.json durable
exit=1 clean sha_nul.json 
exit=1 clean sha_nul.json durable
exit=1 clean standing_list.json 
exit=1 clean standing_list.json durable
exit=1 clean utf8_weird.json 
exit=1 clean utf8_weird.json durable
