SAME 0 0 boot.json
SAME 1 1 boot.json --contract=gym_autonomic_crown
SAME 1 1 boot.json --contract=clean_session
SAME 0 0 boot.json --contract=ecosystem_bootstrap
SAME 1 1 boot.json --contract=ecosystem_sync
SAME 1 1 boot.json --contract=autofde_ledger
SAME 1 1 boot_alive_placeholder.json
SAME 1 1 boot_alive_placeholder.json --contract=gym_autonomic_crown
SAME 1 1 boot_alive_placeholder.json --contract=clean_session
SAME 1 1 boot_alive_placeholder.json --contract=ecosystem_bootstrap
SAME 1 1 boot_alive_placeholder.json --contract=ecosystem_sync
SAME 1 1 boot_alive_placeholder.json --contract=autofde_ledger
SAME 1 1 boot_colon.json
SAME 1 1 boot_colon.json --contract=gym_autonomic_crown
SAME 1 1 boot_colon.json --contract=clean_session
SAME 1 1 boot_colon.json --contract=ecosystem_bootstrap
SAME 1 1 boot_colon.json --contract=ecosystem_sync
SAME 1 1 boot_colon.json --contract=autofde_ledger
SAME 1 1 boot_null.json
SAME 1 1 boot_null.json --contract=gym_autonomic_crown
SAME 1 1 boot_null.json --contract=clean_session
SAME 1 1 boot_null.json --contract=ecosystem_bootstrap
SAME 1 1 boot_null.json --contract=ecosystem_sync
SAME 1 1 boot_null.json --contract=autofde_ledger
SAME 0 0 clean_session_min.json
SAME 1 1 clean_session_min.json --contract=gym_autonomic_crown
SAME 0 0 clean_session_min.json --contract=clean_session
SAME 1 1 clean_session_min.json --contract=ecosystem_bootstrap
SAME 1 1 clean_session_min.json --contract=ecosystem_sync
SAME 1 1 clean_session_min.json --contract=autofde_ledger
SAME 0 0 crown.json
SAME 0 0 crown.json --contract=gym_autonomic_crown
SAME 1 1 crown.json --contract=clean_session
SAME 1 1 crown.json --contract=ecosystem_bootstrap
SAME 1 1 crown.json --contract=ecosystem_sync
SAME 1 1 crown.json --contract=autofde_ledger
SAME 1 1 crown_badref.json
SAME 1 1 crown_badref.json --contract=gym_autonomic_crown
SAME 1 1 crown_badref.json --contract=clean_session
SAME 1 1 crown_badref.json --contract=ecosystem_bootstrap
SAME 1 1 crown_badref.json --contract=ecosystem_sync
SAME 1 1 crown_badref.json --contract=autofde_ledger
SAME 1 1 crown_float_count.json
SAME 1 1 crown_float_count.json --contract=gym_autonomic_crown
SAME 1 1 crown_float_count.json --contract=clean_session
SAME 1 1 crown_float_count.json --contract=ecosystem_bootstrap
SAME 1 1 crown_float_count.json --contract=ecosystem_sync
SAME 1 1 crown_float_count.json --contract=autofde_ledger
SAME 1 1 crown_missing_elem_field.json
SAME 1 1 crown_missing_elem_field.json --contract=gym_autonomic_crown
SAME 1 1 crown_missing_elem_field.json --contract=clean_session
SAME 1 1 crown_missing_elem_field.json --contract=ecosystem_bootstrap
SAME 1 1 crown_missing_elem_field.json --contract=ecosystem_sync
SAME 1 1 crown_missing_elem_field.json --contract=autofde_ledger
SAME 1 1 crown_notasha.json
SAME 1 1 crown_notasha.json --contract=gym_autonomic_crown
SAME 1 1 crown_notasha.json --contract=clean_session
SAME 1 1 crown_notasha.json --contract=ecosystem_bootstrap
SAME 1 1 crown_notasha.json --contract=ecosystem_sync
SAME 1 1 crown_notasha.json --contract=autofde_ledger
SAME 1 1 empty_obj.json
SAME 1 1 empty_obj.json --contract=gym_autonomic_crown
SAME 1 1 empty_obj.json --contract=clean_session
SAME 1 1 empty_obj.json --contract=ecosystem_bootstrap
SAME 1 1 empty_obj.json --contract=ecosystem_sync
SAME 1 1 empty_obj.json --contract=autofde_ledger
SAME 1 1 ledger_float.json
SAME 1 1 ledger_float.json --contract=gym_autonomic_crown
SAME 1 1 ledger_float.json --contract=clean_session
SAME 1 1 ledger_float.json --contract=ecosystem_bootstrap
SAME 1 1 ledger_float.json --contract=ecosystem_sync
SAME 1 1 ledger_float.json --contract=autofde_ledger
SAME 0 0 ledger_min.json
SAME 1 1 ledger_min.json --contract=gym_autonomic_crown
SAME 1 1 ledger_min.json --contract=clean_session
SAME 1 1 ledger_min.json --contract=ecosystem_bootstrap
SAME 1 1 ledger_min.json --contract=ecosystem_sync
SAME 0 0 ledger_min.json --contract=autofde_ledger
LEGACY old(420bc91 generated validator) vs new(66df30a): same=78 diff=0
