PASS qualification/fixtures/dfcm_fleet_v1/neg-alive-nonzero-exit.json (exit 1)
PASS qualification/fixtures/dfcm_fleet_v1/neg-alive-nonzero-exit.json [parity with validate_receipt.py] (exit 1)
PASS qualification/fixtures/dfcm_fleet_v1/neg-bad-broken-term.json (exit 1)
PASS qualification/fixtures/dfcm_fleet_v1/neg-bad-broken-term.json [parity with validate_receipt.py] (exit 1)
PASS qualification/fixtures/dfcm_fleet_v1/neg-bad-ceiling.json (exit 1)
PASS qualification/fixtures/dfcm_fleet_v1/neg-bad-ceiling.json [parity with validate_receipt.py] (exit 1)
PASS qualification/fixtures/dfcm_fleet_v1/neg-bad-output-sha.json (exit 1)
PASS qualification/fixtures/dfcm_fleet_v1/neg-bad-output-sha.json [parity with validate_receipt.py] (exit 1)
PASS qualification/fixtures/dfcm_fleet_v1/neg-blocked-no-broken-term.json (exit 1)
PASS qualification/fixtures/dfcm_fleet_v1/neg-blocked-no-broken-term.json [parity with validate_receipt.py] (exit 1)
PASS qualification/fixtures/dfcm_fleet_v1/neg-ceiling-trailing-newline.json (exit 1)
PASS qualification/fixtures/dfcm_fleet_v1/neg-ceiling-trailing-newline.json [parity with validate_receipt.py] (exit 1)
PASS qualification/fixtures/dfcm_fleet_v1/neg-commit-bad-item.json (exit 1)
PASS qualification/fixtures/dfcm_fleet_v1/neg-commit-bad-item.json [parity with validate_receipt.py] (exit 1)
PASS qualification/fixtures/dfcm_fleet_v1/neg-commits-not-array.json (exit 1)
PASS qualification/fixtures/dfcm_fleet_v1/neg-commits-not-array.json [parity with validate_receipt.py] (exit 1)
PASS qualification/fixtures/dfcm_fleet_v1/neg-empty-replay.json (exit 1)
PASS qualification/fixtures/dfcm_fleet_v1/neg-empty-replay.json [parity with validate_receipt.py] (exit 1)
PASS qualification/fixtures/dfcm_fleet_v1/neg-exit-bool.json (exit 1)
PASS qualification/fixtures/dfcm_fleet_v1/neg-exit-bool.json [parity with validate_receipt.py] (exit 1)
PASS qualification/fixtures/dfcm_fleet_v1/neg-exit-fractional.json (exit 1)
PASS qualification/fixtures/dfcm_fleet_v1/neg-exit-fractional.json [parity with validate_receipt.py] (exit 1)
PASS qualification/fixtures/dfcm_fleet_v1/neg-files-changed-int-item.json (exit 1)
PASS qualification/fixtures/dfcm_fleet_v1/neg-files-changed-int-item.json [parity with validate_receipt.py] (exit 1)
PASS qualification/fixtures/dfcm_fleet_v1/neg-grant-empty.json (exit 1)
PASS qualification/fixtures/dfcm_fleet_v1/neg-grant-empty.json [parity with validate_receipt.py] (exit 1)
PASS qualification/fixtures/dfcm_fleet_v1/neg-graph-hash-null.json (exit 1)
PASS qualification/fixtures/dfcm_fleet_v1/neg-graph-hash-null.json [parity with validate_receipt.py] (exit 1)
PASS qualification/fixtures/dfcm_fleet_v1/neg-local-repo-missing-commit.json (exit 1)
PASS qualification/fixtures/dfcm_fleet_v1/neg-local-repo-missing-commit.json [parity with validate_receipt.py] (exit 1)
PASS qualification/fixtures/dfcm_fleet_v1/neg-no-consequence.json (exit 1)
PASS qualification/fixtures/dfcm_fleet_v1/neg-no-consequence.json [parity with validate_receipt.py] (exit 1)
PASS qualification/fixtures/dfcm_fleet_v1/neg-no-standing-value.json (exit 1)
PASS qualification/fixtures/dfcm_fleet_v1/neg-no-standing-value.json [parity with validate_receipt.py] (exit 1)
PASS qualification/fixtures/dfcm_fleet_v1/neg-notasha.json (exit 1)
PASS qualification/fixtures/dfcm_fleet_v1/neg-notasha.json [parity with validate_receipt.py] (exit 1)
PASS qualification/fixtures/dfcm_fleet_v1/neg-root-array.json (exit 1)
PASS qualification/fixtures/dfcm_fleet_v1/neg-root-array.json [parity with validate_receipt.py] (exit 1)
PASS qualification/fixtures/dfcm_fleet_v1/neg-standing-not-object.json (exit 1)
PASS qualification/fixtures/dfcm_fleet_v1/neg-standing-not-object.json [parity with validate_receipt.py] (exit 1)
PASS qualification/fixtures/dfcm_fleet_v1/neg-summary-int.json (exit 1)
PASS qualification/fixtures/dfcm_fleet_v1/neg-summary-int.json [parity with validate_receipt.py] (exit 1)
PASS qualification/fixtures/dfcm_fleet_v1/pos-alive-exit0.json (exit 0)
PASS qualification/fixtures/dfcm_fleet_v1/pos-alive-exit0.json [parity with validate_receipt.py] (exit 0)
PASS qualification/fixtures/dfcm_fleet_v1/pos-alive-trailing-newline-exit75.json (exit 0)
PASS qualification/fixtures/dfcm_fleet_v1/pos-alive-trailing-newline-exit75.json [parity with validate_receipt.py] (exit 0)
PASS qualification/fixtures/dfcm_fleet_v1/pos-base-GC23-4.json (exit 0)
PASS qualification/fixtures/dfcm_fleet_v1/pos-base-GC23-4.json [parity with validate_receipt.py] (exit 0)
PASS qualification/fixtures/dfcm_fleet_v1/pos-durable-location-empty.json (exit 0)
PASS qualification/fixtures/dfcm_fleet_v1/pos-durable-location-empty.json [parity with validate_receipt.py] (exit 0)
PASS qualification/fixtures/dfcm_fleet_v1/pos-exit-integral-float.json (exit 0)
PASS qualification/fixtures/dfcm_fleet_v1/pos-exit-integral-float.json [parity with validate_receipt.py] (exit 0)
PASS qualification/fixtures/dfcm_fleet_v1/pos-files-changed-empty-string.json (exit 0)
PASS qualification/fixtures/dfcm_fleet_v1/pos-files-changed-empty-string.json [parity with validate_receipt.py] (exit 0)
PASS qualification/fixtures/dfcm_fleet_v1/pos-local-repo-known-commit.json (exit 0)
PASS qualification/fixtures/dfcm_fleet_v1/pos-local-repo-known-commit.json [parity with validate_receipt.py] (exit 0)
PASS qualification/fixtures/dfcm_fleet_v1/pos-subject-newline-only.json (exit 0)
PASS qualification/fixtures/dfcm_fleet_v1/pos-subject-newline-only.json [parity with validate_receipt.py] (exit 0)
PASS qualification/fixtures/durable/neg-blob-missing-path.json (exit 1)
PASS qualification/fixtures/durable/neg-blob-not-descendant.json (exit 1)
PASS qualification/fixtures/durable/neg-dotdot-slug.json (exit 1)
PASS qualification/fixtures/durable/neg-forged-GC23-4.json (exit 1)
PASS qualification/fixtures/durable/neg-forged-slug-notes-sha0.json (exit 1)
PASS qualification/fixtures/durable/neg-relative-path.json (exit 1)
PASS qualification/fixtures/durable/neg-sha0-https.json (exit 1)
PASS qualification/fixtures/durable/neg-subject-not-in-repo.json (exit 1)
PASS qualification/fixtures/durable/neg-tmp-location.json (exit 1)
PASS qualification/fixtures/durable/neg-unmapped-slug.json (exit 1)
PASS qualification/fixtures/durable/neg-var-folders-location.json (exit 1)
PASS qualification/fixtures/durable/pos-git-blob.json (exit 0)
PASS qualification/fixtures/durable/pos-https-form-only.json (exit 0)
PASS qualification/fixtures/durable_standing/neg-alive-trailing-newline.json (exit 1)
PASS qualification/fixtures/durable_standing/pos-unknown-exact.json (exit 0)
PASS git repo case: git-notes: note on the subject (exit 0)
PASS git repo case: git-notes: no note on that commit (exit 1)
PASS git repo case: git-notes: noted commit is not a descendant of the subject (exit 1)
PASS git repo case: default profile: local directory holds the subject (exit 0)
PASS git repo case: default profile: local directory lacks the subject (exit 1)
PASS coverage: every resolution kind observed passing and failing (ancestor_of, blob_at_commit, notes_object, subject_commit)
QUALIFICATION PASS passed=78 failed=0 skipped=0
